// Jest Snapshot v1, https://goo.gl/fbAQLP

exports[`Footer component matches snapshot 1`] = `
<DocumentFragment>
  <footer
    class="footer"
  >
    <p
      class="footer__contact"
      data-testid="footer"
    >
      Copyright © 2022 — Bakery WordPress Theme by Milingona.
    </p>
  </footer>
</DocumentFragment>
`;
