// Jest Snapshot v1, https://goo.gl/fbAQLP

exports[`Price component matches snapshot 1`] = `
<DocumentFragment>
  <p
    data-testid="text"
  >
    This is new product
  </p>
</DocumentFragment>
`;
