// Jest Snapshot v1, https://goo.gl/fbAQLP

exports[`Button component matches snapshot 1`] = `
<DocumentFragment>
  <button
    class="btn"
  />
</DocumentFragment>
`;
