// Jest Snapshot v1, https://goo.gl/fbAQLP

exports[`Loading component matches snapshot 1`] = `
<DocumentFragment>
  <div
    class="loading-container"
    data-testid="loading-page"
  >
    <div
      class="circle"
    />
    <div
      class="circle"
    />
    <div
      class="circle"
    />
  </div>
</DocumentFragment>
`;
