// Jest Snapshot v1, https://goo.gl/fbAQLP

exports[`Title component matches snapshot 1`] = `
<DocumentFragment>
  <h2
    data-testid="title-test"
  >
    Cheese pocket
  </h2>
</DocumentFragment>
`;
