// Jest Snapshot v1, https://goo.gl/fbAQLP

exports[`InputSearch component matches snapshot 1`] = `
<DocumentFragment>
  <div
    class="search"
    data-testid="input-search"
  >
    <input
      class="search__text"
      placeholder="Search item"
      type="text"
    />
  </div>
</DocumentFragment>
`;
